// Jest Snapshot v1, https://goo.gl/fbAQLP

exports[`renders correctly 1`] = `
<DocumentFragment>
  <div
    class="w-full h-8 animate-pulse bg-gray-400"
  />
  <div
    class="w-full h-8 animate-pulse bg-gray-400"
  />
  <div
    class="w-full h-8 animate-pulse bg-gray-400"
  />
  <div
    class="w-full h-8 animate-pulse bg-gray-400"
  />
  <div
    class="w-full h-8 animate-pulse bg-gray-400"
  />
</DocumentFragment>
`;
