// Jest Snapshot v1, https://goo.gl/fbAQLP

exports[`renders correctly 1`] = `
<DocumentFragment>
  <div
    class="mt-8 ml-2 mb-2"
  >
    <h1
      class="text-lg text-gray-700 font-semibold"
    >
      Header
    </h1>
    <hr
      class="border-b border-gray-200 border-[1px] mt-1"
    />
  </div>
</DocumentFragment>
`;
